// Jest Snapshot v1, https://goo.gl/fbAQLP

exports[`Header component renders correctly 1`] = `
<div
  className="keypad"
>
  <div
    className="row"
  >
    <button
      className="key"
      name="AC"
      onClick={[Function]}
      type="button"
    >
      AC
    </button>
    <button
      className="key"
      name="+/-"
      onClick={[Function]}
      type="button"
    >
      +/-
    </button>
    <button
      className="key"
      name="%"
      onClick={[Function]}
      type="button"
    >
      %
    </button>
    <button
      className="key operator"
      name="/"
      onClick={[Function]}
      type="button"
    >
      /
    </button>
  </div>
  <div
    className="row"
  >
    <button
      className="key"
      name="7"
      onClick={[Function]}
      type="button"
    >
      7
    </button>
    <button
      className="key"
      name="8"
      onClick={[Function]}
      type="button"
    >
      8
    </button>
    <button
      className="key"
      name="9"
      onClick={[Function]}
      type="button"
    >
      9
    </button>
    <button
      className="key operator"
      name="x"
      onClick={[Function]}
      type="button"
    >
      x
    </button>
  </div>
  <div
    className="row"
  >
    <button
      className="key"
      name="4"
      onClick={[Function]}
      type="button"
    >
      4
    </button>
    <button
      className="key"
      name="5"
      onClick={[Function]}
      type="button"
    >
      5
    </button>
    <button
      className="key"
      name="6"
      onClick={[Function]}
      type="button"
    >
      6
    </button>
    <button
      className="key operator"
      name="-"
      onClick={[Function]}
      type="button"
    >
      -
    </button>
  </div>
  <div
    className="row"
  >
    <button
      className="key"
      name="1"
      onClick={[Function]}
      type="button"
    >
      1
    </button>
    <button
      className="key"
      name="2"
      onClick={[Function]}
      type="button"
    >
      2
    </button>
    <button
      className="key"
      name="3"
      onClick={[Function]}
      type="button"
    >
      3
    </button>
    <button
      className="key operator"
      name="+"
      onClick={[Function]}
      type="button"
    >
      +
    </button>
  </div>
  <div
    className="row"
  >
    <button
      className="key zero"
      name="0"
      onClick={[Function]}
      type="button"
    >
      0
    </button>
    <button
      className="key"
      name="."
      onClick={[Function]}
      type="button"
    >
      .
    </button>
    <button
      className="key operator"
      name="="
      onClick={[Function]}
      type="button"
    >
      =
    </button>
  </div>
</div>
`;

exports[`Keypad component renders correctly 1`] = `
<div
  className="keypad"
>
  <div
    className="row"
  >
    <button
      className="key"
      name="AC"
      onClick={[Function]}
      type="button"
    >
      AC
    </button>
    <button
      className="key"
      name="+/-"
      onClick={[Function]}
      type="button"
    >
      +/-
    </button>
    <button
      className="key"
      name="%"
      onClick={[Function]}
      type="button"
    >
      %
    </button>
    <button
      className="key operator"
      name="/"
      onClick={[Function]}
      type="button"
    >
      /
    </button>
  </div>
  <div
    className="row"
  >
    <button
      className="key"
      name="7"
      onClick={[Function]}
      type="button"
    >
      7
    </button>
    <button
      className="key"
      name="8"
      onClick={[Function]}
      type="button"
    >
      8
    </button>
    <button
      className="key"
      name="9"
      onClick={[Function]}
      type="button"
    >
      9
    </button>
    <button
      className="key operator"
      name="x"
      onClick={[Function]}
      type="button"
    >
      x
    </button>
  </div>
  <div
    className="row"
  >
    <button
      className="key"
      name="4"
      onClick={[Function]}
      type="button"
    >
      4
    </button>
    <button
      className="key"
      name="5"
      onClick={[Function]}
      type="button"
    >
      5
    </button>
    <button
      className="key"
      name="6"
      onClick={[Function]}
      type="button"
    >
      6
    </button>
    <button
      className="key operator"
      name="-"
      onClick={[Function]}
      type="button"
    >
      -
    </button>
  </div>
  <div
    className="row"
  >
    <button
      className="key"
      name="1"
      onClick={[Function]}
      type="button"
    >
      1
    </button>
    <button
      className="key"
      name="2"
      onClick={[Function]}
      type="button"
    >
      2
    </button>
    <button
      className="key"
      name="3"
      onClick={[Function]}
      type="button"
    >
      3
    </button>
    <button
      className="key operator"
      name="+"
      onClick={[Function]}
      type="button"
    >
      +
    </button>
  </div>
  <div
    className="row"
  >
    <button
      className="key zero"
      name="0"
      onClick={[Function]}
      type="button"
    >
      0
    </button>
    <button
      className="key"
      name="."
      onClick={[Function]}
      type="button"
    >
      .
    </button>
    <button
      className="key operator"
      name="="
      onClick={[Function]}
      type="button"
    >
      =
    </button>
  </div>
</div>
`;
